cargo : warning: unused variable: `result`
En línea: 1 Carácter: 76
+ ... do Semestre\Compilacion\Proyecto\HULKForge" ; cargo test 2>&1 | Tee-O ...
+                                                   ~~~~~~~~~~~~~~~
    + CategoryInfo          : NotSpecified: (warning: unused variable: `result 
   `:String) [], RemoteException
    + FullyQualifiedErrorId : NativeCommandError
 
  --> src\parser\tests.rs:73:9
   |
73 |     let result = parse_source(source);
   |         ^^^^^^ help: if this is intentional, prefix it with an 
underscore: `_result`
   |
   = note: `#[warn(unused_variables)]` (part of `#[warn(unused)]`) on by 
default

warning: variant `Macro` is never constructed
  --> src\parser\ast.rs:34:5
   |
30 | pub enum Decl {
   |          ---- variant in this enum
...
34 |     Macro(MacroDecl),
   |     ^^^^^
   |
   = note: `Decl` has derived impls for the traits `Clone` and `Debug`, but 
these are intentionally ignored during dead code analysis
   = note: `#[warn(dead_code)]` (part of `#[warn(unused)]`) on by default

warning: variants `Regular`, `Block`, `Symbolic`, and `Placeholder` are never 
constructed
   --> src\parser\ast.rs:142:5
    |
140 | pub enum MacroParam {
    |          ---------- variants in this enum
141 |     /// Regular parameter: name, optional type
142 |     Regular(Param),
    |     ^^^^^^^
143 |     /// Block argument: *expr
144 |     Block { name: String, ty: TypeExpr, span: Span },
    |     ^^^^^
145 |     /// Symbolic argument: @symbol
146 |     Symbolic { name: String, ty: TypeExpr, span: Span },
    |     ^^^^^^^^
147 |     /// Variable placeholder: $iter
148 |     Placeholder { name: String, ty: TypeExpr, span: Span },
    |     ^^^^^^^^^^^
    |
    = note: `MacroParam` has derived impls for the traits `Clone` and `Debug`, 
but these are intentionally ignored during dead code analysis

warning: function `type_A_definition` should have a snake case name
    --> src\lexer\test.rs:1113:4
     |
1113 | fn type_A_definition() {
     |    ^^^^^^^^^^^^^^^^^ help: convert the identifier to snake case: 
`type_a_definition`
     |
     = note: `#[warn(non_snake_case)]` (part of `#[warn(nonstandard_style)]`) 
on by default

warning: function `let_new_A_and_if_else` should have a snake case name
    --> src\lexer\test.rs:1133:4
     |
1133 | fn let_new_A_and_if_else() {
     |    ^^^^^^^^^^^^^^^^^^^^^ help: convert the identifier to snake case: 
`let_new_a_and_if_else`

warning: function `function_makeDog` should have a snake case name
    --> src\lexer\test.rs:1183:4
     |
1183 | fn function_makeDog() {
     |    ^^^^^^^^^^^^^^^^ help: convert the identifier to snake case: 
`function_make_dog`

warning: function `function_makeCat` should have a snake case name
    --> src\lexer\test.rs:1249:4
     |
1249 | fn function_makeCat() {
     |    ^^^^^^^^^^^^^^^^ help: convert the identifier to snake case: 
`function_make_cat`

warning: `hulk_forge` (bin "hulk_forge" test) generated 7 warnings (run `cargo 
fix --bin "hulk_forge" -p hulk_forge --tests` to apply 1 suggestion)
    Finished `test` profile [unoptimized + debuginfo] target(s) in 0.07s
     Running unittests src\main.rs 
(target\debug\deps\hulk_forge-4ef01ebe45f959b0.exe)

running 168 tests
test lexer::test::array_literal ... ok
test lexer::test::arithmetic_precedence_exact ... ok
test lexer::test::as_exact ... ok
test lexer::test::builtins_in_call_position ... ok
test lexer::test::block_exact ... ok
test lexer::test::builtins_are_idents ... ok
test lexer::test::block_expression ... ok
test lexer::test::boolean_logic_1 ... ok
test lexer::test::boolean_logic_2 ... ok
test lexer::test::builtin_as_variable_name ... ok
test lexer::test::builtin_math_extra_exact ... ok
test lexer::test::builtin_type_names ... ok
test lexer::test::builtin_types_are_idents ... ok
test lexer::test::assign_chain ... ok
test lexer::test::base_exact ... ok
test lexer::test::builtin_call_exact ... ok
test lexer::test::chain_1 ... ok
test lexer::test::call_method ... ok
test lexer::test::chain_2 ... ok
test lexer::test::colon_assign_vs_colon_eq ... ok
test lexer::test::comment_at_end_of_file ... ok
test lexer::test::comments_skipped ... ok
test lexer::test::concat_space_maximal_munch ... ok
test lexer::test::def_is_not_ident ... ok
test lexer::test::compare_ops ... ok
test lexer::test::def_keyword ... ok
test lexer::test::destructive_assign ... ok
test lexer::test::destructive_assign_exact ... ok
test lexer::test::division_exact ... ok
test lexer::test::def_with_star_arg ... ok
test lexer::test::dollar_in_macro_def ... ok
test lexer::test::dollar_placeholder ... ok
test lexer::test::double_char_ops ... ok
test lexer::test::elif_chained ... ok
test lexer::test::elif_exact ... ok
test lexer::test::elif_is_not_ident ... ok
test lexer::test::eof_always_present ... ok
test lexer::test::eof_at_end_of_program ... ok
test lexer::test::eof_position_empty_source ... ok
test lexer::test::eof_position_nonempty ... ok
test lexer::test::error_has_position ... ok
test lexer::test::error_no_panic ... ok
test lexer::test::errors_dont_stop_tokenization ... ok
test lexer::test::for_exact ... ok
test lexer::test::for_loop_like ... ok
test lexer::test::function_distance ... ok
test lexer::test::function_makeCat ... ok
test lexer::test::function_no_args ... ok
test lexer::test::function_makeDog ... ok
test lexer::test::function_return_bool ... ok
test lexer::test::functor_type ... ok
test lexer::test::hello_world ... ok
test lexer::test::huge_expr_1 ... ok
test lexer::test::if_exact ... ok
test lexer::test::index_access ... ok
test lexer::test::inherits_exact ... ok
test lexer::test::inline_function_exact ... ok
test lexer::test::internal_ident_compiler_generated ... ok
test lexer::test::internal_ident_does_not_split ... ok
test lexer::test::internal_ident_only_underscore ... ok
test lexer::test::internal_ident_single_underscore_prefix ... ok
test lexer::test::is_exact ... ok
test lexer::test::keyword_prefix_of_ident ... ok
test lexer::test::keywords ... ok
test lexer::test::let_exact ... ok
test lexer::test::let_multiple_exact ... ok
test lexer::test::let_new_A_and_if_else ... ok
test lexer::test::log_call_exact ... ok
test lexer::test::log_call_is_ident_call ... ok
test lexer::test::math_constants_are_idents ... ok
test lexer::test::math_expr_y ... ok
test lexer::test::math_expression_x ... ok
test lexer::test::nested_blocks ... ok
test lexer::test::mega_program ... ok
test lexer::test::nested_func_1 ... ok
test lexer::test::nested_if_expr ... ok
test lexer::test::new_exact ... ok
test lexer::test::new_object_with_args ... ok
test lexer::test::normal_ident_unchanged ... ok
test lexer::test::next_token_after_eof_repeats_eof ... ok
test lexer::test::not_equal_test ... ok
test lexer::test::number_float ... ok
test lexer::test::number_incomplete_float ... ok
test lexer::test::number_integer ... ok
test lexer::test::number_large ... ok
test lexer::test::number_large_float ... ok
test lexer::test::number_member_access ... ok
test lexer::test::number_very_large ... ok
test lexer::test::number_zero ... ok
test lexer::test::number_zero_float ... ok
test lexer::test::number_zero_point_something ... ok
test lexer::test::ops_mix_1 ... ok
test lexer::test::ops_mix_2 ... ok
test lexer::test::percent_in_expression ... ok
test lexer::test::percent_operator ... ok
test lexer::test::power_operator_exact ... ok
test lexer::test::prog_1 ... ok
test lexer::test::prog_3 ... ok
test lexer::test::prog_2 ... ok
test lexer::test::protocol_complex_1 ... ok
test lexer::test::protocol_complex_2 ... ok
test lexer::test::protocol_exact ... ok
test lexer::test::protocol_extends_exact ... ok
test lexer::test::self_exact ... ok
test lexer::test::span_line_col ... ok
test lexer::test::string_all_escapes ... ok
test lexer::test::string_concat ... ok
test lexer::test::string_concat_exact ... ok
test lexer::test::string_concat_space_exact ... ok
test lexer::test::string_empty ... ok
test lexer::test::string_empty_concat ... ok
test lexer::test::string_escape_backslash ... ok
test lexer::test::string_escape_newline_tab ... ok
test lexer::test::string_escape_quote ... ok
test lexer::test::string_no_multiline ... ok
test lexer::test::string_simple ... ok
test lexer::test::string_unclosed_gives_error ... ok
test lexer::test::string_unknown_escape_preserved ... ok
test lexer::test::thin_arrow_exact ... ok
test lexer::test::thin_arrow_in_functor_annotation ... ok
test lexer::test::thin_arrow_vs_minus_gt ... ok
test lexer::test::transpiled_code_with_internal_idents ... ok
test lexer::test::type_A_definition ... ok
test lexer::test::type_animal_and_dog ... ok
test lexer::test::type_complex_1 ... ok
test lexer::test::type_complex_2 ... ok
test lexer::test::type_declaration ... ok
test lexer::test::type_exact ... ok
test lexer::test::type_names_in_annotation ... ok
test lexer::test::vector_1 ... ok
test lexer::test::vector_implicit ... ok
test lexer::test::while_exact ... ok
test lexer::test::while_loop_simple ... ok
test parser::tests::test_builtin_functions ... FAILED
test parser::tests::test_boolean_in_expression ... FAILED
test parser::tests::test_block_function ... FAILED
test parser::tests::test_addition_left_associative ... FAILED
test parser::tests::test_boolean_false ... FAILED
test parser::tests::test_boolean_true ... FAILED
test parser::tests::test_complex_expression_1 ... FAILED
test parser::tests::test_complex_expression_2 ... FAILED
test parser::tests::test_constants ... FAILED
test parser::tests::test_division_left_associative ... FAILED
test parser::tests::test_empty_function_call ... FAILED
test parser::tests::test_function_call_no_args ... FAILED
test parser::tests::test_function_call_single_arg ... FAILED
test parser::tests::test_function_call_with_arithmetic ... FAILED
test parser::tests::test_function_multiple_params ... FAILED
test parser::tests::test_function_call_with_builtin ... FAILED
test parser::tests::test_inline_function ... FAILED
test parser::tests::test_function_with_type_annotations ... FAILED
test parser::tests::test_malformed_function_recovers ... ok
test parser::tests::test_grouped_expression ... FAILED
test parser::tests::test_missing_semicolon_recovers ... ok
test parser::tests::test_mixed_precedence_expr_term ... FAILED
test parser::tests::test_power_right_associative ... ignored
test parser::tests::test_multiplication_left_associative ... FAILED
test parser::tests::test_multiple_functions ... FAILED
test parser::tests::test_single_identifier ... FAILED
test parser::tests::test_simple_function_call ... FAILED
test parser::tests::test_subtraction_left_associative ... FAILED
test parser::tests::test_nested_unary ... FAILED
test parser::tests::test_nested_function_calls ... FAILED
test parser::tests::test_single_number ... FAILED
test parser::tests::test_unary_negation_in_expr ... FAILED
test parser::tests::test_unary_negation_identifier ... FAILED
test parser::tests::test_unary_negation_number ... FAILED
test parser::tests::test_unary_positive_number ... FAILED

failures:

---- parser::tests::test_builtin_functions stdout ----

thread 'parser::tests::test_builtin_functions' (4092) panicked at src\parser\tests.rs:340:5:
Builtin functions should parse

---- parser::tests::test_boolean_in_expression stdout ----

thread 'parser::tests::test_boolean_in_expression' (11532) panicked at src\parser\tests.rs:234:5:
Boolean arithmetic parses (semantic check later)

---- parser::tests::test_block_function stdout ----

thread 'parser::tests::test_block_function' (7300) panicked at src\parser\tests.rs:184:5:
Block function should parse

---- parser::tests::test_addition_left_associative stdout ----

thread 'parser::tests::test_addition_left_associative' (20352) panicked at src\parser\tests.rs:30:5:
Should parse successfully
note: run with `RUST_BACKTRACE=1` environment variable to display a backtrace

---- parser::tests::test_boolean_false stdout ----

thread 'parser::tests::test_boolean_false' (22392) panicked at src\parser\tests.rs:226:5:
false constant should parse

---- parser::tests::test_boolean_true stdout ----

thread 'parser::tests::test_boolean_true' (3784) panicked at src\parser\tests.rs:219:5:
true constant should parse

---- parser::tests::test_complex_expression_1 stdout ----

thread 'parser::tests::test_complex_expression_1' (18636) panicked at src\parser\tests.rs:245:5:
assertion failed: result.is_some()

---- parser::tests::test_complex_expression_2 stdout ----

thread 'parser::tests::test_complex_expression_2' (5284) panicked at src\parser\tests.rs:252:5:
assertion failed: result.is_some()

---- parser::tests::test_constants stdout ----

thread 'parser::tests::test_constants' (15108) panicked at src\parser\tests.rs:333:5:
Mathematical constants should parse

---- parser::tests::test_division_left_associative stdout ----

thread 'parser::tests::test_division_left_associative' (24412) panicked at src\parser\tests.rs:53:5:
8 / 4 / 2 should be left-associative

---- parser::tests::test_empty_function_call stdout ----

thread 'parser::tests::test_empty_function_call' (18888) panicked at src\parser\tests.rs:312:5:
assertion failed: result.is_some()

---- parser::tests::test_function_call_no_args stdout ----

thread 'parser::tests::test_function_call_no_args' (21156) panicked at src\parser\tests.rs:138:5:
foo() should parse with no arguments

---- parser::tests::test_function_call_single_arg stdout ----

thread 'parser::tests::test_function_call_single_arg' (14984) panicked at src\parser\tests.rs:131:5:
bar(x) should parse

---- parser::tests::test_function_call_with_arithmetic stdout ----

thread 'parser::tests::test_function_call_with_arithmetic' (11768) panicked at src\parser\tests.rs:159:5:
Function calls with arithmetic expressions

---- parser::tests::test_function_multiple_params stdout ----

thread 'parser::tests::test_function_multiple_params' (11364) panicked at src\parser\tests.rs:195:5:
assertion failed: result.is_some()

---- parser::tests::test_function_call_with_builtin stdout ----

thread 'parser::tests::test_function_call_with_builtin' (14684) panicked at src\parser\tests.rs:145:5:
Function call with builtin as argument

---- parser::tests::test_inline_function stdout ----

thread 'parser::tests::test_inline_function' (7976) panicked at src\parser\tests.rs:170:5:
Inline function should parse

---- parser::tests::test_function_with_type_annotations stdout ----

thread 'parser::tests::test_function_with_type_annotations' (1920) panicked at src\parser\tests.rs:208:5:
Function with type annotation should parse

---- parser::tests::test_grouped_expression stdout ----

thread 'parser::tests::test_grouped_expression' (17160) panicked at src\parser\tests.rs:259:5:
assertion failed: result.is_some()

---- parser::tests::test_mixed_precedence_expr_term stdout ----

thread 'parser::tests::test_mixed_precedence_expr_term' (13452) panicked at src\parser\tests.rs:61:5:
Precedence: * before +

---- parser::tests::test_multiplication_left_associative stdout ----

thread 'parser::tests::test_multiplication_left_associative' (16876) panicked at src\parser\tests.rs:46:5:
2 * 3 * 4 should be left-associative

---- parser::tests::test_multiple_functions stdout ----

thread 'parser::tests::test_multiple_functions' (14904) panicked at src\parser\tests.rs:270:5:
Should parse multiple function definitions

---- parser::tests::test_single_identifier stdout ----

thread 'parser::tests::test_single_identifier' (9468) panicked at src\parser\tests.rs:326:5:
assertion failed: result.is_some()

---- parser::tests::test_simple_function_call stdout ----

thread 'parser::tests::test_simple_function_call' (20016) panicked at src\parser\tests.rs:124:5:
foo(1, 2) should parse as function call

---- parser::tests::test_subtraction_left_associative stdout ----

thread 'parser::tests::test_subtraction_left_associative' (17264) panicked at src\parser\tests.rs:39:5:
1 - 2 - 3 should be left-associative

---- parser::tests::test_nested_unary stdout ----

thread 'parser::tests::test_nested_unary' (26508) panicked at src\parser\tests.rs:113:5:
--x (double negation) should parse

---- parser::tests::test_nested_function_calls stdout ----

thread 'parser::tests::test_nested_function_calls' (11468) panicked at src\parser\tests.rs:152:5:
Nested function calls should parse

---- parser::tests::test_single_number stdout ----

thread 'parser::tests::test_single_number' (25132) panicked at src\parser\tests.rs:319:5:
assertion failed: result.is_some()

---- parser::tests::test_unary_negation_in_expr stdout ----

error: test failed, to rerun pass `--bin hulk_forge`
thread 'parser::tests::test_unary_negation_in_expr' (12072) panicked at src\parser\tests.rs:106:5:
-5 + 3 should parse

---- parser::tests::test_unary_negation_identifier stdout ----

thread 'parser::tests::test_unary_negation_identifier' (5944) panicked at src\parser\tests.rs:92:5:
-x should parse as unary negation of identifier

---- parser::tests::test_unary_negation_number stdout ----

thread 'parser::tests::test_unary_negation_number' (25924) panicked at src\parser\tests.rs:85:5:
-5 should parse as unary negation

---- parser::tests::test_unary_positive_number stdout ----

thread 'parser::tests::test_unary_positive_number' (9828) panicked at src\parser\tests.rs:99:5:
+4 should parse


failures:
    parser::tests::test_addition_left_associative
    parser::tests::test_block_function
    parser::tests::test_boolean_false
    parser::tests::test_boolean_in_expression
    parser::tests::test_boolean_true
    parser::tests::test_builtin_functions
    parser::tests::test_complex_expression_1
    parser::tests::test_complex_expression_2
    parser::tests::test_constants
    parser::tests::test_division_left_associative
    parser::tests::test_empty_function_call
    parser::tests::test_function_call_no_args
    parser::tests::test_function_call_single_arg
    parser::tests::test_function_call_with_arithmetic
    parser::tests::test_function_call_with_builtin
    parser::tests::test_function_multiple_params
    parser::tests::test_function_with_type_annotations
    parser::tests::test_grouped_expression
    parser::tests::test_inline_function
    parser::tests::test_mixed_precedence_expr_term
    parser::tests::test_multiple_functions
    parser::tests::test_multiplication_left_associative
    parser::tests::test_nested_function_calls
    parser::tests::test_nested_unary
    parser::tests::test_simple_function_call
    parser::tests::test_single_identifier
    parser::tests::test_single_number
    parser::tests::test_subtraction_left_associative
    parser::tests::test_unary_negation_identifier
    parser::tests::test_unary_negation_in_expr
    parser::tests::test_unary_negation_number
    parser::tests::test_unary_positive_number

test result: FAILED. 135 passed; 32 failed; 1 ignored; 0 measured; 0 filtered out; finished in 0.01s

